../Drivers/STM32WBAxx_HAL_Driver/Inc/stm32wbaxx_ll_system.h:745:22:LL_DBGMCU_DisableDBGStopMode	4	static
../Drivers/STM32WBAxx_HAL_Driver/Inc/stm32wbaxx_ll_system.h:765:22:LL_DBGMCU_DisableDBGStandbyMode	4	static
../Drivers/STM32WBAxx_HAL_Driver/Inc/stm32wbaxx_ll_pwr.h:383:22:LL_PWR_SetPowerMode	16	static
../Drivers/STM32WBAxx_HAL_Driver/Inc/stm32wbaxx_ll_pwr.h:481:22:LL_PWR_EnableUltraLowPowerMode	4	static
../Drivers/STM32WBAxx_HAL_Driver/Inc/stm32wbaxx_ll_pwr.h:1017:22:LL_PWR_EnableBkUpAccess	4	static
../Drivers/STM32WBAxx_HAL_Driver/Inc/stm32wbaxx_ll_pwr.h:1385:26:LL_PWR_IsActiveFlag_SB	4	static
../Drivers/STM32WBAxx_HAL_Driver/Inc/stm32wbaxx_ll_pwr.h:1395:26:LL_PWR_IsActiveFlag_STOP	4	static
../Drivers/STM32WBAxx_HAL_Driver/Inc/stm32wbaxx_ll_pwr.h:1428:26:LL_PWR_IsActiveFlag_ACTVOS	4	static
../Drivers/STM32WBAxx_HAL_Driver/Inc/stm32wbaxx_ll_cortex.h:301:22:LL_LPM_EnableSleep	4	static
../Drivers/STM32WBAxx_HAL_Driver/Inc/stm32wbaxx_ll_cortex.h:312:22:LL_LPM_EnableDeepSleep	4	static
../Drivers/STM32WBAxx_HAL_Driver/Inc/stm32wbaxx_ll_gpio.h:781:26:LL_GPIO_ReadInputPort	16	static
../Drivers/STM32WBAxx_HAL_Driver/Inc/stm32wbaxx_ll_gpio.h:822:22:LL_GPIO_WriteOutputPort	16	static
../Drivers/STM32WBAxx_HAL_Driver/Inc/stm32wbaxx_ll_icache.h:219:22:LL_ICACHE_Enable	4	static
../Drivers/STM32WBAxx_HAL_Driver/Inc/stm32wbaxx_ll_icache.h:229:22:LL_ICACHE_Disable	4	static
../Drivers/STM32WBAxx_HAL_Driver/Inc/stm32wbaxx_ll_icache.h:239:26:LL_ICACHE_IsEnabled	4	static
../Drivers/STM32WBAxx_HAL_Driver/Inc/stm32wbaxx_ll_icache.h:454:26:LL_ICACHE_IsActiveFlag_BUSY	4	static
../Drivers/STM32WBAxx_HAL_Driver/Inc/stm32wbaxx_ll_icache.h:464:26:LL_ICACHE_IsActiveFlag_BSYEND	4	static
../System/Interfaces/stm32_lpm_if.c:105:13:Standby_Restore_GPIO	24	static,ignoring_inline_asm
../System/Interfaces/stm32_lpm_if.c:170:13:Enter_Stop_Standby_Mode	8	static
../System/Interfaces/stm32_lpm_if.c:188:13:Exit_Stop_Standby_Mode	8	static
../System/Interfaces/stm32_lpm_if.c:203:6:PWR_EnterOffMode	8	static,ignoring_inline_asm
../System/Interfaces/stm32_lpm_if.c:249:6:PWR_ExitOffMode	16	static
../System/Interfaces/stm32_lpm_if.c:324:6:PWR_EnterStopMode	8	static,ignoring_inline_asm
../System/Interfaces/stm32_lpm_if.c:347:6:PWR_ExitStopMode	8	static
../System/Interfaces/stm32_lpm_if.c:365:6:PWR_EnterSleepMode	8	static,ignoring_inline_asm
../System/Interfaces/stm32_lpm_if.c:379:6:PWR_ExitSleepMode	4	static
../System/Interfaces/stm32_lpm_if.c:387:10:is_boot_from_standby	16	static,ignoring_inline_asm
../System/Interfaces/stm32_lpm_if.c:419:13:enter_standby_notification	4	static
../System/Interfaces/stm32_lpm_if.c:424:13:exit_standby_notification	4	static
