../System/Interfaces/usart_if.c:115:25:UART_Init	16	static
../System/Interfaces/usart_if.c:145:25:UART_DeInit	16	static
../System/Interfaces/usart_if.c:214:25:UART_StartRx	16	static
../System/Interfaces/usart_if.c:240:25:UART_TransmitDMA	24	static
../System/Interfaces/usart_if.c:297:13:USART1_DMA_MspDeInit	8	static
../System/Interfaces/usart_if.c:320:13:UsartIf_TxCpltCallback	16	static
../System/Interfaces/usart_if.c:334:13:UsartIf_RxCpltCallback	16	static
../System/Interfaces/usart_if.c:354:18:get_IRQn_Type_from_DMA_HandleTypeDef	16	static
