../Drivers/STM32WBAxx_HAL_Driver/Inc/stm32wbaxx_ll_system.h:993:26:LL_FLASH_GetUDN	4	static
../Drivers/STM32WBAxx_HAL_Driver/Inc/stm32wbaxx_ll_system.h:1003:26:LL_FLASH_GetDeviceID	4	static
../Drivers/STM32WBAxx_HAL_Driver/Inc/stm32wbaxx_ll_system.h:1013:26:LL_FLASH_GetSTCompanyID	4	static
../STM32_WPAN/App/app_ble.c:240:6:APP_BLE_Init	24	static
../STM32_WPAN/App/app_ble.c:325:28:SVCCTL_App_Notification	72	static
../STM32_WPAN/App/app_ble.c:664:22:APP_BLE_Get_Server_Connection_Status	4	static
../STM32_WPAN/App/app_ble.c:669:6:APP_BLE_Procedure_Gap_General	32	static
../STM32_WPAN/App/app_ble.c:754:6:APP_BLE_Procedure_Gap_Peripheral	80	static
../STM32_WPAN/App/app_ble.c:911:9:HOST_BLE_Init	16	static
../STM32_WPAN/App/app_ble.c:941:13:Ble_Hci_Gap_Gatt_Init	72	static
../STM32_WPAN/App/app_ble.c:1147:6:Ble_UserEvtRx	16	static
../STM32_WPAN/App/app_ble.c:1177:16:BleGetBdAddress	32	static
../STM32_WPAN/App/app_ble.c:1225:6:BleStack_Process_BG	16	static
../STM32_WPAN/App/app_ble.c:1239:13:gap_cmd_resp_release	8	static
../STM32_WPAN/App/app_ble.c:1246:13:gap_cmd_resp_wait	8	static
../STM32_WPAN/App/app_ble.c:1258:13:BLE_ResumeFlowProcessCallback	16	static
../STM32_WPAN/App/app_ble.c:1268:13:BLE_NvmCallback	16	static
../STM32_WPAN/App/app_ble.c:1279:13:APP_BLE_AdvLowPower_timCB	16	static
../STM32_WPAN/App/app_ble.c:1293:6:APP_BLE_AdvLowPower	8	static
../STM32_WPAN/App/app_ble.c:1307:12:BLECB_Indication	32	static
../STM32_WPAN/App/app_ble.c:1348:6:NVMCB_Store	16	static
