../Drivers/CMSIS/Include/core_cm33.h:2498:26:__NVIC_GetActive	16	static
../Drivers/CMSIS/Include/core_cm33.h:2587:22:__NVIC_SetPriority	16	static
../Drivers/STM32WBAxx_HAL_Driver/Inc/stm32wbaxx_ll_rcc.h:833:26:LL_RCC_HSE_IsReady	4	static
../STM32_WPAN/Target/linklayer_plat.c:58:6:LINKLAYER_PLAT_ClockInit	16	static
../STM32_WPAN/Target/linklayer_plat.c:72:6:LINKLAYER_PLAT_DelayUs	24	static,ignoring_inline_asm
../STM32_WPAN/Target/linklayer_plat.c:87:6:LINKLAYER_PLAT_Assert	16	static
../STM32_WPAN/Target/linklayer_plat.c:97:6:LINKLAYER_PLAT_WaitHclkRdy	8	static
../STM32_WPAN/Target/linklayer_plat.c:108:6:LINKLAYER_PLAT_AclkCtrl	16	static
../STM32_WPAN/Target/linklayer_plat.c:130:6:LINKLAYER_PLAT_GetRNG	24	static
../STM32_WPAN/Target/linklayer_plat.c:157:6:LINKLAYER_PLAT_SetupRadioIT	16	static
../STM32_WPAN/Target/linklayer_plat.c:169:6:LINKLAYER_PLAT_SetupSwLowIT	16	static
../STM32_WPAN/Target/linklayer_plat.c:182:6:LINKLAYER_PLAT_TriggerSwLowIT	24	static
../STM32_WPAN/Target/linklayer_plat.c:223:6:LINKLAYER_PLAT_EnableIRQ	16	static,ignoring_inline_asm
../STM32_WPAN/Target/linklayer_plat.c:239:6:LINKLAYER_PLAT_DisableIRQ	16	static,ignoring_inline_asm
../STM32_WPAN/Target/linklayer_plat.c:260:6:LINKLAYER_PLAT_EnableSpecificIRQ	24	static,ignoring_inline_asm
../STM32_WPAN/Target/linklayer_plat.c:304:6:LINKLAYER_PLAT_DisableSpecificIRQ	24	static,ignoring_inline_asm
../STM32_WPAN/Target/linklayer_plat.c:345:6:LINKLAYER_PLAT_EnableRadioIT	8	static
../STM32_WPAN/Target/linklayer_plat.c:355:6:LINKLAYER_PLAT_DisableRadioIT	8	static
../STM32_WPAN/Target/linklayer_plat.c:365:6:LINKLAYER_PLAT_StartRadioEvt	8	static
../STM32_WPAN/Target/linklayer_plat.c:377:6:LINKLAYER_PLAT_StopRadioEvt	8	static
../STM32_WPAN/Target/linklayer_plat.c:389:6:LINKLAYER_PLAT_RequestTemperature	8	static
