../STM32_WPAN/Target/ll_sys_if.c:63:6:ll_sys_bg_process_init	8	static
../STM32_WPAN/Target/ll_sys_if.c:76:6:ll_sys_schedule_bg_process	8	static
../STM32_WPAN/Target/ll_sys_if.c:87:6:ll_sys_config_params	8	static
../STM32_WPAN/Target/ll_sys_if.c:109:6:ll_sys_bg_temperature_measurement_init	8	static
../STM32_WPAN/Target/ll_sys_if.c:121:6:ll_sys_bg_temperature_measurement	8	static
../STM32_WPAN/Target/ll_sys_if.c:132:6:request_temperature_measurement	32	static,ignoring_inline_asm
../STM32_WPAN/Target/ll_sys_if.c:164:6:LINKLAYER_PLAT_EnableOSContextSwitch	4	static
../STM32_WPAN/Target/ll_sys_if.c:173:6:LINKLAYER_PLAT_DisableOSContextSwitch	4	static
