../Core/Src/main.c:79:5:main	8	static
../Core/Src/main.c:145:6:SystemClock_Config	104	static
../Core/Src/main.c:200:6:PeriphCommonClock_Config	72	static
../Core/Src/main.c:221:6:MX_ADC4_Init	24	static
../Core/Src/main.c:280:6:MX_CRC_Init	8	static
../Core/Src/main.c:313:6:MX_GPDMA1_Init	16	static
../Core/Src/main.c:343:6:MX_ICACHE_Init	8	static
../Core/Src/main.c:375:6:MX_RAMCFG_Init	8	static
../Core/Src/main.c:404:6:MX_RNG_Init	8	static
../Core/Src/main.c:431:6:MX_RTC_Init	88	static
../Core/Src/main.c:501:6:MX_USART1_UART_Init	8	static
../Core/Src/main.c:549:6:MX_GPIO_Init	40	static
../Core/Src/main.c:601:6:HAL_TIM_PeriodElapsedCallback	16	static
../Core/Src/main.c:618:6:Error_Handler	4	static,ignoring_inline_asm
