../Drivers/CMSIS/Include/core_cm33.h:2390:22:__NVIC_EnableIRQ	16	static,ignoring_inline_asm
../Drivers/CMSIS/Include/core_cm33.h:2428:22:__NVIC_DisableIRQ	16	static,ignoring_inline_asm
../Drivers/STM32WBAxx_HAL_Driver/Inc/stm32wbaxx_ll_rcc.h:1699:22:LL_RCC_RADIO_DisableSleepTimerClock	4	static
../Core/Src/stm32wbaxx_it.c:84:6:NMI_Handler	4	static
../Core/Src/stm32wbaxx_it.c:99:6:HardFault_Handler	4	static
../Core/Src/stm32wbaxx_it.c:114:6:MemManage_Handler	4	static
../Core/Src/stm32wbaxx_it.c:129:6:BusFault_Handler	4	static
../Core/Src/stm32wbaxx_it.c:144:6:UsageFault_Handler	4	static
../Core/Src/stm32wbaxx_it.c:159:6:DebugMon_Handler	4	static
../Core/Src/stm32wbaxx_it.c:179:6:RTC_IRQHandler	8	static
../Core/Src/stm32wbaxx_it.c:193:6:RCC_IRQHandler	8	static
../Core/Src/stm32wbaxx_it.c:217:6:GPDMA1_Channel0_IRQHandler	8	static
../Core/Src/stm32wbaxx_it.c:231:6:GPDMA1_Channel1_IRQHandler	8	static
../Core/Src/stm32wbaxx_it.c:245:6:USART1_IRQHandler	8	static
../Core/Src/stm32wbaxx_it.c:259:6:TIM17_IRQHandler	8	static
../Core/Src/stm32wbaxx_it.c:273:6:RNG_IRQHandler	8	static
../Core/Src/stm32wbaxx_it.c:287:6:RADIO_IRQHandler	8	static,ignoring_inline_asm
../Core/Src/stm32wbaxx_it.c:309:6:HASH_IRQHandler	8	static
