../Drivers/STM32WBAxx_HAL_Driver/Inc/stm32wbaxx_ll_rcc.h:813:22:LL_RCC_HSE_Enable	4	static
../Drivers/STM32WBAxx_HAL_Driver/Inc/stm32wbaxx_ll_rcc.h:833:26:LL_RCC_HSE_IsReady	4	static
../Drivers/STM32WBAxx_HAL_Driver/Inc/stm32wbaxx_ll_rcc.h:844:22:LL_RCC_HSE_EnablePrescaler	4	static
../Drivers/STM32WBAxx_HAL_Driver/Inc/stm32wbaxx_ll_rcc.h:855:26:LL_RCC_HSE_IsEnabledPrescaler	4	static
../Drivers/STM32WBAxx_HAL_Driver/Inc/stm32wbaxx_ll_rcc.h:866:22:LL_RCC_HSE_DisablePrescaler	4	static
../Drivers/STM32WBAxx_HAL_Driver/Inc/stm32wbaxx_ll_rcc.h:956:22:LL_RCC_HSI_Disable	4	static
../Drivers/STM32WBAxx_HAL_Driver/Inc/stm32wbaxx_ll_rcc.h:1432:22:LL_RCC_SetSysClkSource	16	static
../Drivers/STM32WBAxx_HAL_Driver/Inc/stm32wbaxx_ll_rcc.h:1445:26:LL_RCC_GetSysClkSource	4	static
../Drivers/STM32WBAxx_HAL_Driver/Inc/stm32wbaxx_ll_rcc.h:1539:22:LL_RCC_SetAHB5Prescaler	16	static
../Drivers/STM32WBAxx_HAL_Driver/Inc/stm32wbaxx_ll_rcc.h:1552:22:LL_RCC_SetAHB5Divider	16	static
../Drivers/STM32WBAxx_HAL_Driver/Inc/stm32wbaxx_ll_rcc.h:1640:26:LL_RCC_GetAHB5Prescaler	4	static
../Drivers/STM32WBAxx_HAL_Driver/Inc/stm32wbaxx_ll_rcc.h:2210:22:LL_RCC_PLL1_Disable	4	static
../Drivers/STM32WBAxx_HAL_Driver/Inc/stm32wbaxx_ll_rcc.h:2358:22:LL_RCC_PLL1_SetMainSource	16	static
../Drivers/STM32WBAxx_HAL_Driver/Inc/stm32wbaxx_ll_rcc.h:2391:26:LL_RCC_PLL1_GetN	4	static
../Drivers/STM32WBAxx_HAL_Driver/Inc/stm32wbaxx_ll_rcc.h:2414:26:LL_RCC_PLL1_GetP	4	static
../Drivers/STM32WBAxx_HAL_Driver/Inc/stm32wbaxx_ll_rcc.h:2437:26:LL_RCC_PLL1_GetQ	4	static
../Drivers/STM32WBAxx_HAL_Driver/Inc/stm32wbaxx_ll_rcc.h:2459:26:LL_RCC_PLL1_GetR	4	static
../Drivers/STM32WBAxx_HAL_Driver/Inc/stm32wbaxx_ll_rcc.h:2479:26:LL_RCC_PLL1_GetDivider	4	static
../Drivers/STM32WBAxx_HAL_Driver/Inc/stm32wbaxx_ll_rcc.h:2553:22:LL_RCC_PLL1_EnableDomain_PLL1R	4	static
../Drivers/STM32WBAxx_HAL_Driver/Inc/stm32wbaxx_ll_rcc.h:2587:22:LL_RCC_PLL1FRACN_Enable	4	static
../Drivers/STM32WBAxx_HAL_Driver/Inc/stm32wbaxx_ll_rcc.h:2607:22:LL_RCC_PLL1FRACN_Disable	4	static
../Drivers/STM32WBAxx_HAL_Driver/Inc/stm32wbaxx_ll_rcc.h:2617:22:LL_RCC_PLL1_SetFRACN	16	static
../Drivers/STM32WBAxx_HAL_Driver/Inc/stm32wbaxx_ll_rcc.h:2627:26:LL_RCC_PLL1_GetFRACN	4	static
../Drivers/STM32WBAxx_HAL_Driver/Inc/stm32wbaxx_ll_pwr.h:713:22:LL_PWR_SetRegulVoltageScaling	16	static
../Drivers/STM32WBAxx_HAL_Driver/Inc/stm32wbaxx_ll_pwr.h:1375:26:LL_PWR_IsActiveFlag_VOS	4	static
../System/Modules/scm.c:58:26:scm_getmaxfreq	16	static
../System/Modules/scm.c:74:13:scm_systemclockconfig	8	static
../System/Modules/scm.c:156:13:SwitchHse16toHse32	8	static
../System/Modules/scm.c:180:13:SwitchHse32toHse16	8	static
../System/Modules/scm.c:202:13:SwitchPlltoHse32	8	static
../System/Modules/scm.c:222:13:ConfigStartPll	8	static
../System/Modules/scm.c:237:13:ConfigHwPll	24	static
../System/Modules/scm.c:284:6:scm_init	16	static
../System/Modules/scm.c:375:6:scm_setup	8	static
../System/Modules/scm.c:441:6:scm_pll_setconfig	16	static
../System/Modules/scm.c:464:6:scm_pll_fractional_update	16	static
../System/Modules/scm.c:490:6:scm_setsystemclock	40	static,ignoring_inline_asm
../System/Modules/scm.c:586:13:scm_pllready	4	static
../System/Modules/scm.c:601:6:scm_setwaitstates	16	static
../System/Modules/scm.c:656:6:scm_hserdy_isr	8	static
../System/Modules/scm.c:722:6:scm_pllrdy_isr	8	static
../System/Modules/scm.c:760:6:scm_notifyradiostate	16	static
../System/Modules/scm.c:779:6:scm_standbyexit	8	static
